[0.048s] Invoking command in '/home/mobin/auriga_ros2_tasks/build/bringup': CMAKE_PREFIX_PATH=${CMAKE_PREFIX_PATH}:/home/mobin/auriga_ros2_tasks/install/py_package:/home/mobin/ros2_example/install/py_package:/home/mobin/ros2_example/install/launch_testing_examples:/home/mobin/ros2_example/install/examples_rclpy_pointcloud_publisher:/home/mobin/ros2_example/install/examples_rclpy_minimal_subscriber:/home/mobin/ros2_example/install/examples_rclpy_minimal_service:/home/mobin/ros2_example/install/examples_rclpy_minimal_publisher:/home/mobin/ros2_example/install/examples_rclpy_minimal_client:/home/mobin/ros2_example/install/examples_rclpy_minimal_action_server:/home/mobin/ros2_example/install/examples_rclpy_minimal_action_client:/home/mobin/ros2_example/install/examples_rclpy_guard_conditions:/home/mobin/ros2_example/install/examples_rclpy_executors:/home/mobin/ros2_ws/install/rqt_joint_trajectory_controller:/home/mobin/ros2_ws/install/ros2_controllers_test_nodes:/opt/ros/jazzy DEBUGINFOD_URLS=https://debuginfod.ubuntu.com /usr/bin/cmake --build /home/mobin/auriga_ros2_tasks/build/bringup -- -j16 -l16
[0.101s] -- Found ament_cmake: 2.5.2 (/opt/ros/jazzy/share/ament_cmake/cmake)
[0.674s] -- Configuring done (0.6s)
[0.679s] -- Generating done (0.0s)
[0.682s] -- Build files have been written to: /home/mobin/auriga_ros2_tasks/build/bringup
[0.732s] Invoked command in '/home/mobin/auriga_ros2_tasks/build/bringup' returned '0': CMAKE_PREFIX_PATH=${CMAKE_PREFIX_PATH}:/home/mobin/auriga_ros2_tasks/install/py_package:/home/mobin/ros2_example/install/py_package:/home/mobin/ros2_example/install/launch_testing_examples:/home/mobin/ros2_example/install/examples_rclpy_pointcloud_publisher:/home/mobin/ros2_example/install/examples_rclpy_minimal_subscriber:/home/mobin/ros2_example/install/examples_rclpy_minimal_service:/home/mobin/ros2_example/install/examples_rclpy_minimal_publisher:/home/mobin/ros2_example/install/examples_rclpy_minimal_client:/home/mobin/ros2_example/install/examples_rclpy_minimal_action_server:/home/mobin/ros2_example/install/examples_rclpy_minimal_action_client:/home/mobin/ros2_example/install/examples_rclpy_guard_conditions:/home/mobin/ros2_example/install/examples_rclpy_executors:/home/mobin/ros2_ws/install/rqt_joint_trajectory_controller:/home/mobin/ros2_ws/install/ros2_controllers_test_nodes:/opt/ros/jazzy DEBUGINFOD_URLS=https://debuginfod.ubuntu.com /usr/bin/cmake --build /home/mobin/auriga_ros2_tasks/build/bringup -- -j16 -l16
[0.756s] Invoking command in '/home/mobin/auriga_ros2_tasks/build/bringup': CMAKE_PREFIX_PATH=${CMAKE_PREFIX_PATH}:/home/mobin/auriga_ros2_tasks/install/py_package:/home/mobin/ros2_example/install/py_package:/home/mobin/ros2_example/install/launch_testing_examples:/home/mobin/ros2_example/install/examples_rclpy_pointcloud_publisher:/home/mobin/ros2_example/install/examples_rclpy_minimal_subscriber:/home/mobin/ros2_example/install/examples_rclpy_minimal_service:/home/mobin/ros2_example/install/examples_rclpy_minimal_publisher:/home/mobin/ros2_example/install/examples_rclpy_minimal_client:/home/mobin/ros2_example/install/examples_rclpy_minimal_action_server:/home/mobin/ros2_example/install/examples_rclpy_minimal_action_client:/home/mobin/ros2_example/install/examples_rclpy_guard_conditions:/home/mobin/ros2_example/install/examples_rclpy_executors:/home/mobin/ros2_ws/install/rqt_joint_trajectory_controller:/home/mobin/ros2_ws/install/ros2_controllers_test_nodes:/opt/ros/jazzy DEBUGINFOD_URLS=https://debuginfod.ubuntu.com /usr/bin/cmake --install /home/mobin/auriga_ros2_tasks/build/bringup
[0.774s] -- Install configuration: ""
[0.774s] -- Up-to-date: /home/mobin/auriga_ros2_tasks/install/bringup/share/bringup/launch
[0.775s] -- Up-to-date: /home/mobin/auriga_ros2_tasks/install/bringup/share/bringup/launch/task1.launch.py
[0.775s] -- Installing: /home/mobin/auriga_ros2_tasks/install/bringup/share/ament_index/resource_index/package_run_dependencies/bringup
[0.775s] -- Up-to-date: /home/mobin/auriga_ros2_tasks/install/bringup/share/ament_index/resource_index/parent_prefix_path/bringup
[0.775s] -- Up-to-date: /home/mobin/auriga_ros2_tasks/install/bringup/share/bringup/environment/ament_prefix_path.sh
[0.775s] -- Up-to-date: /home/mobin/auriga_ros2_tasks/install/bringup/share/bringup/environment/ament_prefix_path.dsv
[0.776s] -- Up-to-date: /home/mobin/auriga_ros2_tasks/install/bringup/share/bringup/environment/path.sh
[0.776s] -- Up-to-date: /home/mobin/auriga_ros2_tasks/install/bringup/share/bringup/environment/path.dsv
[0.776s] -- Up-to-date: /home/mobin/auriga_ros2_tasks/install/bringup/share/bringup/local_setup.bash
[0.776s] -- Up-to-date: /home/mobin/auriga_ros2_tasks/install/bringup/share/bringup/local_setup.sh
[0.776s] -- Up-to-date: /home/mobin/auriga_ros2_tasks/install/bringup/share/bringup/local_setup.zsh
[0.776s] -- Up-to-date: /home/mobin/auriga_ros2_tasks/install/bringup/share/bringup/local_setup.dsv
[0.776s] -- Up-to-date: /home/mobin/auriga_ros2_tasks/install/bringup/share/bringup/package.dsv
[0.776s] -- Up-to-date: /home/mobin/auriga_ros2_tasks/install/bringup/share/ament_index/resource_index/packages/bringup
[0.777s] -- Up-to-date: /home/mobin/auriga_ros2_tasks/install/bringup/share/bringup/cmake/bringupConfig.cmake
[0.777s] -- Up-to-date: /home/mobin/auriga_ros2_tasks/install/bringup/share/bringup/cmake/bringupConfig-version.cmake
[0.777s] -- Installing: /home/mobin/auriga_ros2_tasks/install/bringup/share/bringup/package.xml
[0.779s] Invoked command in '/home/mobin/auriga_ros2_tasks/build/bringup' returned '0': CMAKE_PREFIX_PATH=${CMAKE_PREFIX_PATH}:/home/mobin/auriga_ros2_tasks/install/py_package:/home/mobin/ros2_example/install/py_package:/home/mobin/ros2_example/install/launch_testing_examples:/home/mobin/ros2_example/install/examples_rclpy_pointcloud_publisher:/home/mobin/ros2_example/install/examples_rclpy_minimal_subscriber:/home/mobin/ros2_example/install/examples_rclpy_minimal_service:/home/mobin/ros2_example/install/examples_rclpy_minimal_publisher:/home/mobin/ros2_example/install/examples_rclpy_minimal_client:/home/mobin/ros2_example/install/examples_rclpy_minimal_action_server:/home/mobin/ros2_example/install/examples_rclpy_minimal_action_client:/home/mobin/ros2_example/install/examples_rclpy_guard_conditions:/home/mobin/ros2_example/install/examples_rclpy_executors:/home/mobin/ros2_ws/install/rqt_joint_trajectory_controller:/home/mobin/ros2_ws/install/ros2_controllers_test_nodes:/opt/ros/jazzy DEBUGINFOD_URLS=https://debuginfod.ubuntu.com /usr/bin/cmake --install /home/mobin/auriga_ros2_tasks/build/bringup
