[0.026s] Invoking command in '/home/mobin/auriga_ros2_tasks/build/interfaces': CMAKE_PREFIX_PATH=${CMAKE_PREFIX_PATH}:/home/mobin/auriga_ros2_tasks/install/py_package:/home/mobin/ros2_example/install/py_package:/home/mobin/ros2_example/install/launch_testing_examples:/home/mobin/ros2_example/install/examples_rclpy_pointcloud_publisher:/home/mobin/ros2_example/install/examples_rclpy_minimal_subscriber:/home/mobin/ros2_example/install/examples_rclpy_minimal_service:/home/mobin/ros2_example/install/examples_rclpy_minimal_publisher:/home/mobin/ros2_example/install/examples_rclpy_minimal_client:/home/mobin/ros2_example/install/examples_rclpy_minimal_action_server:/home/mobin/ros2_example/install/examples_rclpy_minimal_action_client:/home/mobin/ros2_example/install/examples_rclpy_guard_conditions:/home/mobin/ros2_example/install/examples_rclpy_executors:/home/mobin/ros2_ws/install/rqt_joint_trajectory_controller:/home/mobin/ros2_ws/install/ros2_controllers_test_nodes:/opt/ros/jazzy DEBUGINFOD_URLS=https://debuginfod.ubuntu.com /usr/bin/cmake /home/mobin/auriga_ros2_tasks/src/interfaces -DAMENT_CMAKE_SYMLINK_INSTALL=1 -DCMAKE_INSTALL_PREFIX=/home/mobin/auriga_ros2_tasks/install/interfaces
[0.059s] -- Found ament_cmake: 2.5.2 (/opt/ros/jazzy/share/ament_cmake/cmake)
[0.111s] -- Found Python3: /usr/bin/python3 (found version "3.12.3") found components: Interpreter 
[0.251s] -- Override CMake install command with custom implementation using symlinks instead of copying resources
[0.278s] -- Found ament_lint_auto: 0.17.1 (/opt/ros/jazzy/share/ament_lint_auto/cmake)
[0.454s] -- Found rosidl_default_generators: 1.6.0 (/opt/ros/jazzy/share/rosidl_default_generators/cmake)
[0.476s] -- Using all available rosidl_typesupport_c: rosidl_typesupport_fastrtps_c;rosidl_typesupport_introspection_c
[0.572s] -- Using all available rosidl_typesupport_cpp: rosidl_typesupport_fastrtps_cpp;rosidl_typesupport_introspection_cpp
[0.647s] -- Found rosidl_adapter: 4.6.4 (/opt/ros/jazzy/share/rosidl_adapter/cmake)
[0.944s] -- Found ament_cmake_ros: 0.12.0 (/opt/ros/jazzy/share/ament_cmake_ros/cmake)
[1.125s] -- Using all available rosidl_typesupport_c: rosidl_typesupport_fastrtps_c;rosidl_typesupport_introspection_c
[1.354s] -- Using all available rosidl_typesupport_cpp: rosidl_typesupport_fastrtps_cpp;rosidl_typesupport_introspection_cpp
[1.360s] -- Found python_cmake_module: 0.11.1 (/opt/ros/jazzy/share/python_cmake_module/cmake)
[1.850s] -- Found Python3: /usr/bin/python3 (found version "3.12.3") found components: Interpreter Development NumPy Development.Module Development.Embed 
[1.887s] -- Added test 'lint_cmake' to check CMake code style
[1.890s] -- Added test 'xmllint' to check XML markup files
[1.904s] -- Configuring done (1.9s)
[1.990s] -- Generating done (0.1s)
[2.011s] -- Build files have been written to: /home/mobin/auriga_ros2_tasks/build/interfaces
[2.023s] Invoked command in '/home/mobin/auriga_ros2_tasks/build/interfaces' returned '0': CMAKE_PREFIX_PATH=${CMAKE_PREFIX_PATH}:/home/mobin/auriga_ros2_tasks/install/py_package:/home/mobin/ros2_example/install/py_package:/home/mobin/ros2_example/install/launch_testing_examples:/home/mobin/ros2_example/install/examples_rclpy_pointcloud_publisher:/home/mobin/ros2_example/install/examples_rclpy_minimal_subscriber:/home/mobin/ros2_example/install/examples_rclpy_minimal_service:/home/mobin/ros2_example/install/examples_rclpy_minimal_publisher:/home/mobin/ros2_example/install/examples_rclpy_minimal_client:/home/mobin/ros2_example/install/examples_rclpy_minimal_action_server:/home/mobin/ros2_example/install/examples_rclpy_minimal_action_client:/home/mobin/ros2_example/install/examples_rclpy_guard_conditions:/home/mobin/ros2_example/install/examples_rclpy_executors:/home/mobin/ros2_ws/install/rqt_joint_trajectory_controller:/home/mobin/ros2_ws/install/ros2_controllers_test_nodes:/opt/ros/jazzy DEBUGINFOD_URLS=https://debuginfod.ubuntu.com /usr/bin/cmake /home/mobin/auriga_ros2_tasks/src/interfaces -DAMENT_CMAKE_SYMLINK_INSTALL=1 -DCMAKE_INSTALL_PREFIX=/home/mobin/auriga_ros2_tasks/install/interfaces
[2.026s] Invoking command in '/home/mobin/auriga_ros2_tasks/build/interfaces': CMAKE_PREFIX_PATH=${CMAKE_PREFIX_PATH}:/home/mobin/auriga_ros2_tasks/install/py_package:/home/mobin/ros2_example/install/py_package:/home/mobin/ros2_example/install/launch_testing_examples:/home/mobin/ros2_example/install/examples_rclpy_pointcloud_publisher:/home/mobin/ros2_example/install/examples_rclpy_minimal_subscriber:/home/mobin/ros2_example/install/examples_rclpy_minimal_service:/home/mobin/ros2_example/install/examples_rclpy_minimal_publisher:/home/mobin/ros2_example/install/examples_rclpy_minimal_client:/home/mobin/ros2_example/install/examples_rclpy_minimal_action_server:/home/mobin/ros2_example/install/examples_rclpy_minimal_action_client:/home/mobin/ros2_example/install/examples_rclpy_guard_conditions:/home/mobin/ros2_example/install/examples_rclpy_executors:/home/mobin/ros2_ws/install/rqt_joint_trajectory_controller:/home/mobin/ros2_ws/install/ros2_controllers_test_nodes:/opt/ros/jazzy DEBUGINFOD_URLS=https://debuginfod.ubuntu.com /usr/bin/cmake --build /home/mobin/auriga_ros2_tasks/build/interfaces -- -j16 -l16
[2.147s] failed to create symbolic link '/home/mobin/auriga_ros2_tasks/build/interfaces/ament_cmake_python/interfaces/interfaces' because existing path cannot be removed: Is a directory
[2.148s] [  2%] Built target interfaces__rosidl_generator_type_description
[2.149s] gmake[2]: *** [CMakeFiles/ament_cmake_python_symlink_interfaces.dir/build.make:70: CMakeFiles/ament_cmake_python_symlink_interfaces] Error 1
[2.150s] gmake[1]: *** [CMakeFiles/Makefile2:452: CMakeFiles/ament_cmake_python_symlink_interfaces.dir/all] Error 2
[2.150s] gmake[1]: *** Waiting for unfinished jobs....
[2.151s] gmake: *** [Makefile:146: all] Error 2
[2.156s] Invoked command in '/home/mobin/auriga_ros2_tasks/build/interfaces' returned '2': CMAKE_PREFIX_PATH=${CMAKE_PREFIX_PATH}:/home/mobin/auriga_ros2_tasks/install/py_package:/home/mobin/ros2_example/install/py_package:/home/mobin/ros2_example/install/launch_testing_examples:/home/mobin/ros2_example/install/examples_rclpy_pointcloud_publisher:/home/mobin/ros2_example/install/examples_rclpy_minimal_subscriber:/home/mobin/ros2_example/install/examples_rclpy_minimal_service:/home/mobin/ros2_example/install/examples_rclpy_minimal_publisher:/home/mobin/ros2_example/install/examples_rclpy_minimal_client:/home/mobin/ros2_example/install/examples_rclpy_minimal_action_server:/home/mobin/ros2_example/install/examples_rclpy_minimal_action_client:/home/mobin/ros2_example/install/examples_rclpy_guard_conditions:/home/mobin/ros2_example/install/examples_rclpy_executors:/home/mobin/ros2_ws/install/rqt_joint_trajectory_controller:/home/mobin/ros2_ws/install/ros2_controllers_test_nodes:/opt/ros/jazzy DEBUGINFOD_URLS=https://debuginfod.ubuntu.com /usr/bin/cmake --build /home/mobin/auriga_ros2_tasks/build/interfaces -- -j16 -l16
