[0.000000] (-) TimerEvent: {}
[0.000290] (interfaces) JobQueued: {'identifier': 'interfaces', 'dependencies': OrderedDict()}
[0.000368] (cpp_package) JobQueued: {'identifier': 'cpp_package', 'dependencies': OrderedDict({'interfaces': '/home/mobin/auriga_ros2_tasks/install/interfaces'})}
[0.000424] (py_package) JobQueued: {'identifier': 'py_package', 'dependencies': OrderedDict({'interfaces': '/home/mobin/auriga_ros2_tasks/install/interfaces'})}
[0.000464] (bringup) JobQueued: {'identifier': 'bringup', 'dependencies': OrderedDict({'interfaces': '/home/mobin/auriga_ros2_tasks/install/interfaces', 'cpp_package': '/home/mobin/auriga_ros2_tasks/install/cpp_package', 'py_package': '/home/mobin/auriga_ros2_tasks/install/py_package'})}
[0.001520] (interfaces) JobStarted: {'identifier': 'interfaces'}
[0.017276] (interfaces) JobProgress: {'identifier': 'interfaces', 'progress': 'cmake'}
[0.018396] (interfaces) JobProgress: {'identifier': 'interfaces', 'progress': 'build'}
[0.019501] (interfaces) Command: {'cmd': ['/usr/bin/cmake', '--build', '/home/mobin/auriga_ros2_tasks/build/interfaces', '--', '-j16', '-l16'], 'cwd': '/home/mobin/auriga_ros2_tasks/build/interfaces', 'env': OrderedDict({'GZ_CONFIG_PATH': '/opt/ros/jazzy/opt/gz_sim_vendor/share/gz:/opt/ros/jazzy/opt/sdformat_vendor/share/gz:/opt/ros/jazzy/opt/gz_gui_vendor/share/gz:/opt/ros/jazzy/opt/gz_transport_vendor/share/gz:/opt/ros/jazzy/opt/gz_rendering_vendor/share/gz:/opt/ros/jazzy/opt/gz_plugin_vendor/share/gz:/opt/ros/jazzy/opt/gz_fuel_tools_vendor/share/gz:/opt/ros/jazzy/opt/gz_msgs_vendor/share/gz:/opt/ros/jazzy/opt/gz_common_vendor/share/gz', 'SHLVL': '1', 'LD_LIBRARY_PATH': '/opt/ros/jazzy/opt/gz_sim_vendor/lib:/opt/ros/jazzy/opt/gz_sensors_vendor/lib:/opt/ros/jazzy/opt/gz_physics_vendor/lib:/opt/ros/jazzy/opt/sdformat_vendor/lib:/opt/ros/jazzy/opt/rviz_ogre_vendor/lib:/opt/ros/jazzy/lib/x86_64-linux-gnu:/opt/ros/jazzy/opt/gz_gui_vendor/lib:/opt/ros/jazzy/opt/gz_transport_vendor/lib:/opt/ros/jazzy/opt/gz_rendering_vendor/lib:/opt/ros/jazzy/opt/gz_plugin_vendor/lib:/opt/ros/jazzy/opt/gz_fuel_tools_vendor/lib:/opt/ros/jazzy/opt/gz_msgs_vendor/lib:/opt/ros/jazzy/opt/gz_common_vendor/lib:/opt/ros/jazzy/opt/gz_math_vendor/lib:/opt/ros/jazzy/opt/gz_utils_vendor/lib:/opt/ros/jazzy/opt/gz_tools_vendor/lib:/opt/ros/jazzy/opt/gz_ogre_next_vendor/lib:/opt/ros/jazzy/opt/gz_dartsim_vendor/lib:/opt/ros/jazzy/opt/gz_cmake_vendor/lib:/opt/ros/jazzy/lib', 'OLDPWD': '/home/mobin', 'ROS_PYTHON_VERSION': '3', 'LC_CTYPE': 'C.UTF-8', 'ROS_DISTRO': 'jazzy', 'IGN_GAZEBO_MODEL_PATH': '/opt/ros/jazzy/share', '_': '/usr/bin/colcon', 'ROS_VERSION': '2', 'GAZEBO_MODEL_PATH': '/opt/ros/jazzy/share', 'PATH': '/opt/ros/jazzy/opt/gz_msgs_vendor/bin:/opt/ros/jazzy/opt/gz_tools_vendor/bin:/opt/ros/jazzy/opt/gz_ogre_next_vendor/bin:/opt/ros/jazzy/bin:/usr/local/sbin:/usr/local/bin:/usr/sbin:/usr/bin:/sbin:/bin', 'AMENT_PREFIX_PATH': '/opt/ros/jazzy', 'IGN_GAZEBO_RESOURCE_PATH': '/opt/ros/jazzy/share', 'GAZEBO_RESOURCE_PATH': '/opt/ros/jazzy/share', 'ROS_AUTOMATIC_DISCOVERY_RANGE': 'SUBNET', 'PWD': '/home/mobin/auriga_ros2_tasks/build/interfaces', 'PYTHONPATH': '/opt/ros/jazzy/lib/python3.12/site-packages', 'COLCON': '1', 'CMAKE_PREFIX_PATH': '/opt/ros/jazzy/opt/gz_sim_vendor:/opt/ros/jazzy/opt/gz_sensors_vendor:/opt/ros/jazzy/opt/gz_physics_vendor:/opt/ros/jazzy/opt/sdformat_vendor:/opt/ros/jazzy/opt/gz_gui_vendor:/opt/ros/jazzy/opt/gz_transport_vendor:/opt/ros/jazzy/opt/gz_rendering_vendor:/opt/ros/jazzy/opt/gz_plugin_vendor:/opt/ros/jazzy/opt/gz_fuel_tools_vendor:/opt/ros/jazzy/opt/gz_msgs_vendor:/opt/ros/jazzy/opt/gz_common_vendor:/opt/ros/jazzy/opt/gz_math_vendor:/opt/ros/jazzy/opt/gz_utils_vendor:/opt/ros/jazzy/opt/gz_tools_vendor:/opt/ros/jazzy/opt/gz_ogre_next_vendor:/opt/ros/jazzy/opt/gz_dartsim_vendor:/opt/ros/jazzy/opt/gz_cmake_vendor:/opt/ros/jazzy'}), 'shell': False}
[0.099530] (-) TimerEvent: {}
[0.138443] (interfaces) StderrLine: {'line': b"failed to create symbolic link '/home/mobin/auriga_ros2_tasks/build/interfaces/ament_cmake_python/interfaces/interfaces' because existing path cannot be removed: Is a directory\n"}
[0.140628] (interfaces) StderrLine: {'line': b'gmake[2]: *** [CMakeFiles/ament_cmake_python_symlink_interfaces.dir/build.make:70: CMakeFiles/ament_cmake_python_symlink_interfaces] Error 1\n'}
[0.140961] (interfaces) StdoutLine: {'line': b'[  2%] Built target interfaces__rosidl_generator_type_description\n'}
[0.141279] (interfaces) StderrLine: {'line': b'gmake[1]: *** [CMakeFiles/Makefile2:452: CMakeFiles/ament_cmake_python_symlink_interfaces.dir/all] Error 2\n'}
[0.141461] (interfaces) StderrLine: {'line': b'gmake[1]: *** Waiting for unfinished jobs....\n'}
[0.143731] (interfaces) StderrLine: {'line': b'gmake: *** [Makefile:146: all] Error 2\n'}
[0.148783] (interfaces) CommandEnded: {'returncode': 2}
[0.168495] (interfaces) JobEnded: {'identifier': 'interfaces', 'rc': 2}
[0.179512] (cpp_package) JobSkipped: {'identifier': 'cpp_package'}
[0.179875] (py_package) JobSkipped: {'identifier': 'py_package'}
[0.179928] (bringup) JobSkipped: {'identifier': 'bringup'}
[0.180058] (-) EventReactorShutdown: {}
